// Jest Snapshot v1, https://goo.gl/fbAQLP

exports[`ArticleList renders correctly 1`] = `
ShallowWrapper {
  "length": 1,
  Symbol(enzyme.__root__): [Circular],
  Symbol(enzyme.__unrendered__): <ArticleList
    articles={
      Object {
        "a": Object {
          "authorId": "2c6aa2cfe3449467d329fa17d6ea230f",
          "body": "blah blah",
          "date": "Mon Jul 11 2016 00:00:00 GMT+0000 (UTC)",
          "id": "a",
          "title": "Thing",
        },
        "b": Object {
          "authorId": "2c6aa2cfe3449467d329fa17d6ea230f",
          "body": "blah blah",
          "date": "Mon Jul 11 2016 00:00:00 GMT+0000 (UTC)",
          "id": "b",
          "title": "Ding",
        },
      }
    }
  />,
  Symbol(enzyme.__renderer__): Object {
    "batchedUpdates": [Function],
    "getNode": [Function],
    "render": [Function],
    "simulateEvent": [Function],
    "unmount": [Function],
  },
  Symbol(enzyme.__node__): Object {
    "instance": null,
    "key": undefined,
    "nodeType": "host",
    "props": Object {
      "children": Array [
        <Article
          article={
            Object {
              "authorId": "2c6aa2cfe3449467d329fa17d6ea230f",
              "body": "blah blah",
              "date": "Mon Jul 11 2016 00:00:00 GMT+0000 (UTC)",
              "id": "a",
              "title": "Thing",
            }
          }
          store={undefined}
        />,
        <Article
          article={
            Object {
              "authorId": "2c6aa2cfe3449467d329fa17d6ea230f",
              "body": "blah blah",
              "date": "Mon Jul 11 2016 00:00:00 GMT+0000 (UTC)",
              "id": "b",
              "title": "Ding",
            }
          }
          store={undefined}
        />,
      ],
    },
    "ref": null,
    "rendered": Array [
      Object {
        "instance": null,
        "key": "a",
        "nodeType": "function",
        "props": Object {
          "article": Object {
            "authorId": "2c6aa2cfe3449467d329fa17d6ea230f",
            "body": "blah blah",
            "date": "Mon Jul 11 2016 00:00:00 GMT+0000 (UTC)",
            "id": "a",
            "title": "Thing",
          },
          "store": undefined,
        },
        "ref": null,
        "rendered": null,
        "type": [Function],
      },
      Object {
        "instance": null,
        "key": "b",
        "nodeType": "function",
        "props": Object {
          "article": Object {
            "authorId": "2c6aa2cfe3449467d329fa17d6ea230f",
            "body": "blah blah",
            "date": "Mon Jul 11 2016 00:00:00 GMT+0000 (UTC)",
            "id": "b",
            "title": "Ding",
          },
          "store": undefined,
        },
        "ref": null,
        "rendered": null,
        "type": [Function],
      },
    ],
    "type": "div",
  },
  Symbol(enzyme.__nodes__): Array [
    Object {
      "instance": null,
      "key": undefined,
      "nodeType": "host",
      "props": Object {
        "children": Array [
          <Article
            article={
              Object {
                "authorId": "2c6aa2cfe3449467d329fa17d6ea230f",
                "body": "blah blah",
                "date": "Mon Jul 11 2016 00:00:00 GMT+0000 (UTC)",
                "id": "a",
                "title": "Thing",
              }
            }
            store={undefined}
          />,
          <Article
            article={
              Object {
                "authorId": "2c6aa2cfe3449467d329fa17d6ea230f",
                "body": "blah blah",
                "date": "Mon Jul 11 2016 00:00:00 GMT+0000 (UTC)",
                "id": "b",
                "title": "Ding",
              }
            }
            store={undefined}
          />,
        ],
      },
      "ref": null,
      "rendered": Array [
        Object {
          "instance": null,
          "key": "a",
          "nodeType": "function",
          "props": Object {
            "article": Object {
              "authorId": "2c6aa2cfe3449467d329fa17d6ea230f",
              "body": "blah blah",
              "date": "Mon Jul 11 2016 00:00:00 GMT+0000 (UTC)",
              "id": "a",
              "title": "Thing",
            },
            "store": undefined,
          },
          "ref": null,
          "rendered": null,
          "type": [Function],
        },
        Object {
          "instance": null,
          "key": "b",
          "nodeType": "function",
          "props": Object {
            "article": Object {
              "authorId": "2c6aa2cfe3449467d329fa17d6ea230f",
              "body": "blah blah",
              "date": "Mon Jul 11 2016 00:00:00 GMT+0000 (UTC)",
              "id": "b",
              "title": "Ding",
            },
            "store": undefined,
          },
          "ref": null,
          "rendered": null,
          "type": [Function],
        },
      ],
      "type": "div",
    },
  ],
  Symbol(enzyme.__options__): Object {
    "adapter": ReactSixteenAdapter {
      "options": Object {
        "enableComponentDidUpdateOnSetState": true,
      },
    },
  },
}
`;
